// Jest Snapshot v1, https://goo.gl/fbAQLP

exports[`<SearchInput /> should render correctly search component 1`] = `
<input
  className="input"
  name="search"
  onChange={[Function]}
  placeholder="Search..."
  type="text"
  value="ok"
/>
`;
